# serializer version: 1
# name: test_diagnostics
  dict({
    'last_static_update': dict({
      'https://example.com/gtfs1.zip': HAFakeDatetime(2024, 12, 29, 22, 40, 45, 943287),
      'https://example.com/gtfs2.zip': HAFakeDatetime(2024, 12, 29, 22, 40, 45, 943287),
    }),
    'schedule': dict({
      'calendar': dict({
        'services': dict({
        }),
      }),
      'resources': set({
      }),
      'route_info_ds': dict({
        'route_infos': dict({
        }),
      }),
      'station_stop_info_ds': dict({
        'station_stop_infos': dict({
        }),
      }),
      'stop_times_ds': dict({
        'stop_times': dict({
        }),
        'stops_filter': set({
        }),
      }),
      'tmp_dir': None,
      'tmp_dir_path': None,
      'trip_info_ds': dict({
        'trip_infos': dict({
        }),
      }),
    }),
    'static_update_frequency': dict({
      'https://example.com/gtfs1.zip': datetime.timedelta(seconds=7200),
      'https://example.com/gtfs2.zip': datetime.timedelta(seconds=7200),
    }),
  })
# ---
