# serializer version: 1
# name: test_call_card_creator
  dict({
    'cards': list([
      dict({
        'heading': '101N (101N)',
        'heading_style': 'title',
        'icon': 'mdi:train-bus',
        'type': 'heading',
      }),
      dict({
        'card': dict({
          'entity': 'sensor.101n_101n_arrival_1',
          'name': '',
          'show_entity_picture': True,
          'state_content': list([
            'state',
            'destination',
          ]),
          'type': 'tile',
        }),
        'conditions': list([
          dict({
            'condition': 'state',
            'entity': 'sensor.101n_101n_arrival_1',
            'state_not': list([
              'unknown',
              'undefined',
            ]),
          }),
        ]),
        'type': 'conditional',
      }),
      dict({
        'card': dict({
          'entity': 'sensor.101n_101n_arrival_2',
          'name': '',
          'show_entity_picture': True,
          'state_content': list([
            'state',
            'destination',
          ]),
          'type': 'tile',
        }),
        'conditions': list([
          dict({
            'condition': 'state',
            'entity': 'sensor.101n_101n_arrival_2',
            'state_not': list([
              'unknown',
              'undefined',
            ]),
          }),
        ]),
        'type': 'conditional',
      }),
      dict({
        'card': dict({
          'entity': 'sensor.101n_101n_arrival_3',
          'name': '',
          'show_entity_picture': True,
          'state_content': list([
            'state',
            'destination',
          ]),
          'type': 'tile',
        }),
        'conditions': list([
          dict({
            'condition': 'state',
            'entity': 'sensor.101n_101n_arrival_3',
            'state_not': list([
              'unknown',
              'undefined',
            ]),
          }),
        ]),
        'type': 'conditional',
      }),
      dict({
        'card': dict({
          'entity': 'sensor.101n_101n_arrival_4',
          'name': '',
          'show_entity_picture': True,
          'state_content': list([
            'state',
            'destination',
          ]),
          'type': 'tile',
        }),
        'conditions': list([
          dict({
            'condition': 'state',
            'entity': 'sensor.101n_101n_arrival_4',
            'state_not': list([
              'unknown',
              'undefined',
            ]),
          }),
        ]),
        'type': 'conditional',
      }),
    ]),
    'type': 'vertical-stack',
  })
# ---
